===============================================================
💸 STARTING SPRINT 13: FINANCIAL OPERATIONS WORKFLOW TEST
===============================================================

--- SCENARIO 1: STANDARD WITHDRAWAL (UNDER KYC LIMIT) ---

[FINANCE ENGINE] 📥 Withdrawal request received: User USR-777 for 1000 Coins
   ➡️ [EVENT BUS] Broadcasted: WITHDRAWAL_QUEUED
   ✅ Request Queued successfully (ID: WD-1786030512797-522, Status: PENDING_REVIEW)

--- SCENARIO 2: ADMIN APPROVES STANDARD WITHDRAWAL ---

[FINANCE ENGINE] 🔐 Admin ADMIN-01 authorizing withdrawal WD-1786030512797-522...
   🏦 [LEDGER] Decremented 1000 Coins from User USR-777
   ➡️ [EVENT BUS] Broadcasted: WITHDRAWAL_SETTLED
   ✅ Withdrawal WD-1786030512797-522 SETTLED. Ledger updated.

--- SCENARIO 3: HIGH VALUE WITHDRAWAL (TRIGGERS KYC) ---

[FINANCE ENGINE] 📥 Withdrawal request received: User USR-777 for 6000 Coins
   ⚠️ [RISK ALERT] High value transaction. Escalated to KYC_REQUIRED.
   ➡️ [EVENT BUS] Broadcasted: WITHDRAWAL_QUEUED
   ✅ Request Queued successfully (ID: WD-1786030512801-652, Status: KYC_REQUIRED)

--- SCENARIO 4: ADMIN ATTEMPTS TO APPROVE PENDING KYC ---

[FINANCE ENGINE] 🔐 Admin ADMIN-01 authorizing withdrawal WD-1786030512801-652...

===============================================================
🏁 FINANCIAL OPERATIONS EVIDENCE GENERATED SUCCESSFULLY.
===============================================================
