===============================================================
🚀 STARTING SPRINT 14: LIVE UI INTEGRATION & REAL-TIME SYNC
===============================================================

--- CONDITION 1: DIFFERENT ROLES = DIFFERENT UIs ---
✅ Super Admin Login loads: [ 'Provider Center', 'Treasury', 'Users' ]
✅ Support Admin Login loads: [ 'Tickets', 'Live Chat' ]

--- CONDITION 2: INSTANT UI REFRESH ON ROLE CHANGE ---
   [Action] Super Admin promotes Support Admin to Finance Admin...
   ⚡ [WEB-SOCKET PUSH TO UI] -> Action: FORCE_MENU_RELOAD | Target UI: SUPPORT_ADMIN_SESSION_#884
      Payload: {"new_role":"FINANCE_ADMIN","new_menu":["Withdrawal Queue","Treasury Settlement"]}
✅ UI updates instantly without Logout/Login.

--- CONDITION 3: PROVIDER DISABLE HIDES UI WIDGET INSTANTLY ---
   [Action] Super Admin disables LOOTABLY from Provider Center...
   ⚡ [WEB-SOCKET PUSH TO UI] -> Action: HIDE_DASHBOARD_WIDGET | Target UI: ALL_ADMIN_DASHBOARDS
      Payload: {"widget_id":"LOOTABLY_LIVE_STATS","status":"DISABLED"}
✅ Lootably widget instantly disappears from all active admin screens.

--- CONDITION 4: COIN RATE CHANGE LIVE UPDATES WALLET ---
   [Action] Market Coin Rate changes from $0.001 to $0.0015...
   ⚡ [WEB-SOCKET PUSH TO UI] -> Action: UPDATE_WALLET_PROJECTION | Target UI: ALL_USER_TELEGRAM_MINI_APPS
      Payload: {"new_rate":0.0015,"message":"Balance value increased!"}
✅ All online users see their USD projection increase live in the Mini App.

--- CONDITION 5: ONE API - MANY CLIENTS (RULE 21) ---
   📱 Telegram Mini App calls -> GET /v1/user/dashboard/summary
   💻 Web Portal calls        -> GET /v1/user/dashboard/summary
   🛠️ Admin Panel Viewer calls -> GET /v1/user/dashboard/summary
✅ Confirmed: 100% Shared Backend Logic. No separate APIs for different clients.

===============================================================
🏁 LIVE UI INTEGRATION EVIDENCE GENERATED SUCCESSFULLY.
===============================================================
