===============================================================
🔒 STARTING SPRINT 15: CLOSED BETA GATEKEEPER TEST
===============================================================

--- SCENARIO 1: VALID REGISTRATION (USER 49) ---

[GATEKEEPER] 🔒 Validating Registration Attempt with code: [BETA_TGM_2026]
   ✅ Gatekeeper Passed! User allowed to register. (Capacity: 49/50)
   📡 [EVENT BUS] BETA_USER_ADMITTED -> Data: {"inviteCode":"BETA_TGM_2026"}

--- SCENARIO 2: HACKER ATTEMPT (INVALID CODE) ---

[GATEKEEPER] 🔒 Validating Registration Attempt with code: [FREE_MONEY_HACK]
   📡 [EVENT BUS] SECURITY_ALERT -> Data: {"reason":"Invalid Invite Code","code":"FREE_MONEY_HACK"}

--- SCENARIO 3: VALID REGISTRATION (USER 50) ---

[GATEKEEPER] 🔒 Validating Registration Attempt with code: [INVITE_VIP_99]
   ✅ Gatekeeper Passed! User allowed to register. (Capacity: 50/50)
   📡 [EVENT BUS] BETA_USER_ADMITTED -> Data: {"inviteCode":"INVITE_VIP_99"}

--- SCENARIO 4: CAPACITY REACHED (USER 51 ATTEMPTS) ---

[GATEKEEPER] 🔒 Validating Registration Attempt with code: [BETA_TGM_2026]
   📡 [EVENT BUS] BETA_CAPACITY_REACHED -> Data: {"currentCount":50}

===============================================================
🏁 CLOSED BETA GATEKEEPER EVIDENCE GENERATED SUCCESSFULLY.
===============================================================
