===============================================================
🚀 STARTING SPRINT 15: LOOTABLY PRODUCTION SECURITY TEST
===============================================================

--- SCENARIO 1: VALID PRODUCTION CALLBACK ---

[LOOTABLY ADAPTER] 📥 Incoming Postback: TX_TX_1001
   🛡️ Mode: PRODUCTION. Enforcing strict security protocols...
   ✅ Callback Validated! Distributing Revenue: User(700), Platform(200), Reserve(100)
   📡 [EVENT BUS] REVENUE_DISTRIBUTED -> TX: TX_1001

--- SCENARIO 2: HACKER ATTEMPT (INVALID SECRET) ---

[LOOTABLY ADAPTER] 📥 Incoming Postback: TX_TX_1002
   🛡️ Mode: PRODUCTION. Enforcing strict security protocols...
   📡 [EVENT BUS] SECURITY_ALERT -> TX: TX_1002

--- SCENARIO 3: DOUBLE SPEND ATTEMPT (DUPLICATE TX) ---

[LOOTABLY ADAPTER] 📥 Incoming Postback: TX_TX_999
   🛡️ Mode: PRODUCTION. Enforcing strict security protocols...
   📡 [EVENT BUS] AUDIT_LOG -> TX: TX_999

--- SCENARIO 4: SANDBOX MODE FALLBACK ---

[LOOTABLY ADAPTER] 📥 Incoming Postback: TX_TX_TEST_1
   ⚠️ Mode: SANDBOX. Bypassing strict security for testing...
   ✅ Callback Validated! Distributing Revenue: User(70), Platform(20), Reserve(10)
   📡 [EVENT BUS] REVENUE_DISTRIBUTED -> TX: TX_TEST_1

===============================================================
🏁 LOOTABLY PRODUCTION SECURITY EVIDENCE GENERATED SUCCESSFULLY.
===============================================================
