==========================================
🖥️ STARTING SPRINT 11 DASHBOARD UI & WORKFLOW TEST...
==========================================

Test 1: Standard User attempting to load Operator Dashboard...
🔐 Authenticating Operator Role: [STANDARD_USER] for UI View...
❌ ACCESS DENIED: Operator UI restricted to authorized administrative roles.

Test 2: Super Admin loading Enterprise Dashboard UI...
🔐 Authenticating Operator Role: [SUPER_ADMIN] for UI View...
✅ ACCESS GRANTED: Rendering full Enterprise Operator Experience...
📊 UI RENDER PAYLOAD:
 {
  "status": "success",
  "ui_framework": "React/Next.js Enterprise Shell",
  "modules": [
    {
      "name": "Single Pane Dashboard",
      "status": "ONLINE",
      "latency_ms": 12
    },
    {
      "name": "Live Kanban Workflow",
      "status": "ONLINE",
      "active_tickets": 8
    },
    {
      "name": "Financial Timeline",
      "status": "ONLINE",
      "sync_state": "VERIFIED"
    },
    {
      "name": "Unified Conversation UI",
      "status": "ONLINE",
      "unread_chats": 3
    },
    {
      "name": "Enterprise Settings Portal",
      "status": "SECURE_LOCKED",
      "version": "v2.0"
    }
  ],
  "rendered_at": "2026-08-05T08:57:31.687Z"
}

==========================================
🏁 SPRINT 11 DASHBOARD UI TEST COMPLETED SUCCESSFULLY.
==========================================
