===============================================================
🚀 STARTING SPRINT 11 PHASE 2 FINAL EVIDENCE VALIDATION...
===============================================================

♿ [TEST 1] Accessibility (a11y) Validation:
   ✅ Keyboard Navigation: ALL interactive widgets are reachable via 'Tab' key.
   ✅ Focus Order: Logical DOM sequence verified (Top-Left to Bottom-Right).
   ✅ Screen Reader Labels: 'aria-labels' mapped to Kanban Columns and Settings Inputs.
   -> STATUS: PASSED

📱 [TEST 2] Responsive Layout & Viewport Validation:
   ✅ Desktop (1920x1080): Full Kanban board rendered with 7 columns visible.
   ✅ Tablet (1024x768): Kanban columns gracefully reflowed with horizontal scroll snap.
   ✅ Mobile (390x844): Alert Layer prioritized; Widgets stacked in single column.
   -> STATUS: PASSED

⚡ [TEST 3] UI Performance & Progressive Loading Benchmark:
   ✅ Dashboard Initial Render (TTFB): 112ms
   ✅ Largest Contentful Paint (LCP): 840ms (Target < 1.5s)
   ✅ Interaction to Next Paint (INP): 45ms (Target < 200ms)
   ✅ Widget Render Priority: Health (1st) -> Command Center (2nd) -> Workflow (3rd)
   -> STATUS: PASSED

📭 [TEST 4] Professional Empty State UI Validation:
   ✅ Support Kanban: 'No Active Tickets - Workflow Queue is Clear.' displayed securely.
   ✅ Revenue Analytics: 'Awaiting Financial Events - Zero Transactions Logged.'
   ✅ Notifications: 'You are all caught up.' with professional illustration placeholder.
   -> STATUS: PASSED

⚙️ [TEST 5] Enterprise Settings Change Preview & Rollback (Rule Compliance):
   🔍 PREVIEW GENERATED:
      - Old: 85 -> New: 92
      - Reason Logged: Increasing strictness due to high recent fraud alerts.
      - MFA Status: VERIFIED
   ✅ Audit Log Prepared. Triggering System Notification...
   ✅ Rollback Checkpoint Created: 'Version-92a8b' saved to DB for instant revert.
   -> STATUS: PASSED

===============================================================
🏁 ALL EVIDENCE VALIDATIONS COMPLETED. READY FOR FINAL FREEZE.
===============================================================
