==========================================
🧩 STARTING DYNAMIC UI ARCHITECTURE TEST...
==========================================


🔐 Checking UI-Level RBAC for Role: [OPERATIONS_MANAGER]
✅ UI RBAC Passed: Rendering [HealthWidget]
⛔ UI RBAC Blocked: Hiding [RevenueWidget] from UI.
✅ UI RBAC Passed: Rendering [SupportTicketsWidget]
⛔ UI RBAC Blocked: Hiding [AnalyticsWidget] from UI.

⏳ Simulating Progressive Loading Strategy...
   -> Loading Priority 1: HealthWidget
   -> Loading Priority 3: SupportTicketsWidget

🔐 Checking UI-Level RBAC for Role: [FINANCE_ADMIN]
⛔ UI RBAC Blocked: Hiding [HealthWidget] from UI.
✅ UI RBAC Passed: Rendering [RevenueWidget]
⛔ UI RBAC Blocked: Hiding [SupportTicketsWidget] from UI.
✅ UI RBAC Passed: Rendering [AnalyticsWidget]

💥 Simulating Widget Crash for: [AnalyticsWidget]...
🛡️ Error Boundary Caught Crash in [AnalyticsWidget].
✅ REST OF DASHBOARD REMAINS ALIVE AND FULLY FUNCTIONAL.

🔄 Simulating Browser Refresh State Recovery...
   -> Restored Filters: { date: 'Last 7 Days', status: 'Pending' }
   -> Restored Active Tab: 'Support Tickets'

==========================================
🏁 SPRINT 11 DYNAMIC UI ARCHITECTURE TEST COMPLETED SUCCESSFULLY.
==========================================
