==========================================
📋 STARTING LIVE WORKFLOW BOARD (KANBAN) TEST...
==========================================


🖱️ Action: User [OPERATIONS_MANAGER] dragging Ticket [TKT-991] from [In Review] to [Resolved]...
✅ UI RBAC Passed: Drop accepted for [Resolved].
📡 Dispatching state mutation API call to Gateway...
📝 Triggering visual audit log marker for Ticket [TKT-991].

🖱️ Action: User [OPERATIONS_MANAGER] dragging Ticket [TKT-992] from [In Review] to [Finance]...
⛔ UI BLOCK (Drag Rejected): Role [OPERATIONS_MANAGER] is not authorized to drop tickets into the [Finance] column.
🔙 Reverting ticket [TKT-992] back to [In Review].

🖱️ Action: User [FINANCE_ADMIN] dragging Ticket [TKT-993] from [In Review] to [Finance]...
✅ UI RBAC Passed: Drop accepted for [Finance].
📡 Dispatching state mutation API call to Gateway...
📝 Triggering visual audit log marker for Ticket [TKT-993].

🖱️ Action: User [FINANCE_ADMIN] dragging Ticket [TKT-994] from [Finance] to [Admin]...
⛔ UI BLOCK (Drag Rejected): Role [FINANCE_ADMIN] is not authorized to drop tickets into the [Admin] column.
🔙 Reverting ticket [TKT-994] back to [Finance].

==========================================
🏁 SPRINT 11 WORKFLOW BOARD TEST COMPLETED SUCCESSFULLY.
==========================================
