==========================================
🎧 STARTING ENTERPRISE SUPPORT ENGINE TEST...
==========================================

💬 [PUBLIC] user_123 (USER): My deposit is pending for 2 days!
💬 [PUBLIC] agent_01 (AGENT): We are checking with the provider. Please wait.
💬 [FINANCE_ONLY] agent_01 (AGENT): Attached Razorpay Txn ID. Please verify manual settlement.

📝 [INTERNAL NOTE] finance_admin: High risk score noted. Waiting for bank settlement file before crediting.
🔒 VERIFIED: Internal Note is strictly separated from Public UI.

🛑 ATTEMPTING TO DELETE/EDIT MESSAGE: msg_some_id
❌ REJECTED: Updates/Deletes are STRICTLY PROHIBITED on ticket_messages. Append only!

📱 --- USER UI TIMELINE ---
- user_123: My deposit is pending for 2 days!
- agent_01: We are checking with the provider. Please wait.
🔒 (System successfully hid STAFF_ONLY messages and Internal Notes from User)

⏳ Simulating SLA Timer (Agent did not reply in 24 hours)...
⚠️ AUTO ESCALATION TRIGGERED!
🔄 Ticket re-assigned from 'AGENT_01' to 'FINANCE_ADMIN_QUEUE'.
📝 Immutable assignment history recorded.

==========================================
🏁 SUPPORT ENGINE ARCHITECTURE TEST PASSED.
==========================================
