==========================================
🤖 STARTING AI OPERATIONS ASSISTANT TEST...
==========================================

Test 1: Normal Transaction Evaluation...
🔍 AI evaluating [TRANSACTION] ID: [txn_101] for risk anomalies...
✅ AI EVALUATION COMPLETE (Advisory Only): {
  "entityType": "TRANSACTION",
  "entityId": "txn_101",
  "risk_score": 15,
  "ai_suggestions": {
    "recommendation": "LOW_RISK_APPROVE_SAFE",
    "summary": "Evaluated transaction volume and behavioral pattern. Risk score determined at 15."
  },
  "strict_guardrail": "AI CANNOT MUTATE STATE. HUMAN OPERATOR DECISION REQUIRED.",
  "evaluated_at": "2026-08-05T07:03:10.027Z"
}

Test 2: High Risk / High Velocity Anomaly Detection...
🔍 AI evaluating [TRANSACTION] ID: [txn_102] for risk anomalies...
✅ AI EVALUATION COMPLETE (Advisory Only): {
  "entityType": "TRANSACTION",
  "entityId": "txn_102",
  "risk_score": 89.5,
  "ai_suggestions": {
    "recommendation": "HIGH_RISK_MANUAL_REVIEW_REQUIRED",
    "summary": "Evaluated transaction volume and behavioral pattern. Risk score determined at 89.5."
  },
  "strict_guardrail": "AI CANNOT MUTATE STATE. HUMAN OPERATOR DECISION REQUIRED.",
  "evaluated_at": "2026-08-05T07:03:10.038Z"
}

==========================================
🏁 AI ASSISTANT GUARDRAIL TEST COMPLETED SUCCESSFULLY.
==========================================
