===============================================================
📱 STARTING SPRINT 14: TELEGRAM CLIENT API TEST
===============================================================

--- SCENARIO 1: FETCHING TELEGRAM DASHBOARD DATA ---

[USER GATEWAY] 📱 Fetching Dashboard Summary for User: USR-8877
   📈 [ANALYTICS] Event: DASHBOARD_VIEWED | User: USR-8877
   ✅ Successfully aggregated data for Telegram Client.

[API RESPONSE TO TELEGRAM CLIENT]:
{
  "status": "SUCCESS",
  "data": {
    "user_id": "USR-8877",
    "wallet_balance": 1250,
    "currency": "COINS",
    "recent_earnings": [
      {
        "txId": "TX-1",
        "amount": 500,
        "source": "LOOTABLY"
      },
      {
        "txId": "TX-2",
        "amount": 250,
        "source": "TIMEWALL"
      }
    ],
    "support_status": {
      "open_tickets": 1,
      "requires_attention": true
    }
  },
  "meta": {
    "client_optimized": true,
    "rendered_at": "2026-08-06T17:47:04.899Z"
  }
}

===============================================================
🏁 USER CLIENT GATEWAY EVIDENCE GENERATED SUCCESSFULLY.
===============================================================
