===============================================================
🖥️ STARTING SPRINT 14: ADMIN UI DYNAMIC NAVIGATION TEST
===============================================================

--- SCENARIO 1: SUPER ADMIN LOGIN ---

[UI GATEWAY] 🧭 Generating Navigation for Role: [SUPER_ADMIN]
   ✅ Success! Delivered 5 secure menu items.

[UI GATEWAY] 📊 Fetching Allowed Widgets for Role: [SUPER_ADMIN]
   ✅ Authorized Widgets: [LIVE_REVENUE, SYSTEM_HEALTH, ACTIVE_USERS]

--- SCENARIO 2: FINANCE ADMIN LOGIN ---

[UI GATEWAY] 🧭 Generating Navigation for Role: [FINANCE_ADMIN]
   ✅ Success! Delivered 3 secure menu items.

[UI GATEWAY] 📊 Fetching Allowed Widgets for Role: [FINANCE_ADMIN]
   ✅ Authorized Widgets: [PENDING_WITHDRAWALS, RESERVE_BALANCE]

--- SCENARIO 3: SUPPORT ADMIN LOGIN ---

[UI GATEWAY] 🧭 Generating Navigation for Role: [SUPPORT_ADMIN]
   ✅ Success! Delivered 3 secure menu items.

[UI GATEWAY] 📊 Fetching Allowed Widgets for Role: [SUPPORT_ADMIN]
   ✅ Authorized Widgets: [OPEN_TICKETS, AVG_RESPONSE_TIME]

--- SCENARIO 4: UNAUTHORIZED ROLE LOGIN ---

[UI GATEWAY] 🧭 Generating Navigation for Role: [HACKER_ROLE]

===============================================================
🏁 ADMIN UI GATEWAY EVIDENCE GENERATED SUCCESSFULLY.
===============================================================
