===============================================================
🌍 STARTING SPRINT 14: UNIFIED OPERATIONS CONSOLE TEST
===============================================================

--- SCENARIO 1: SUPER_ADMIN ACCESSING CONSOLE ---

[OPS CONSOLE] 🌍 Aggregating Unified Dashboard for Role: [SUPER_ADMIN]
   ✅ Unified Operations Data Aggregated Successfully.

[API RESPONSE TO OPS CONSOLE UI]:
{
  "timestamp": "2026-08-06T18:02:20.553Z",
  "system_health": "OK",
  "live_queues": {
    "finance_pending_review": 65,
    "support_open_tickets": 12
  },
  "providers_active": [
    "LOOTABLY(V2)",
    "TIMEWALL(V1)"
  ],
  "alerts": [
    {
      "level": "WARNING",
      "msg": "High Finance Queue Backlog"
    }
  ]
}

--- SCENARIO 2: UNAUTHORIZED ACCESS ATTEMPT ---

[OPS CONSOLE] 🌍 Aggregating Unified Dashboard for Role: [SUPPORT_ADMIN]

===============================================================
🏁 OPERATIONS CONSOLE EVIDENCE GENERATED SUCCESSFULLY.
===============================================================
