===============================================================
🚨 STARTING SPRINT 15: INCIDENT MONITOR TEST
===============================================================

--- SCENARIO 1: SYSTEM GENERATES EVENTS ---
   [Action] Lootably Adapter detects invalid secret...
   🚨 [INCIDENT LOGGED] Severity: [CRITICAL] | Details: {"reason":"Invalid Secret Key","txId":"TX_FAKE_01"}
   [Action] Lootably Adapter blocks double spend...
   🚨 [INCIDENT LOGGED] Severity: [INFO] | Details: {"event":"DUPLICATE_TX_BLOCKED","txId":"TX_LEGIT_02"}
   [Action] Gatekeeper reaches 50 users...
   🚨 [INCIDENT LOGGED] Severity: [WARNING] | Details: {"currentCount":50}
   [Action] Unauthorized Admin tries to approve payout...
   🚨 [INCIDENT LOGGED] Severity: [CRITICAL] | Details: {"reason":"Unauthorized Payout Approval","adminRole":"SUPPORT_ADMIN"}

--- SCENARIO 2: OPERATIONS CONSOLE FETCHES REPORT ---

[MONITOR] 📊 Generating Production Incident Report...

[DAILY INCIDENT REPORT (JSON)]:
{
  "report_time": "2026-08-07T09:32:00.265Z",
  "total_incidents": 4,
  "critical_alerts": 2,
  "warnings": 1,
  "latest_events": [
    {
      "timestamp": "2026-08-07T09:32:00.259Z",
      "severity": "CRITICAL",
      "details": {
        "reason": "Invalid Secret Key",
        "txId": "TX_FAKE_01"
      }
    },
    {
      "timestamp": "2026-08-07T09:32:00.263Z",
      "severity": "INFO",
      "details": {
        "event": "DUPLICATE_TX_BLOCKED",
        "txId": "TX_LEGIT_02"
      }
    },
    {
      "timestamp": "2026-08-07T09:32:00.264Z",
      "severity": "WARNING",
      "details": {
        "currentCount": 50
      }
    },
    {
      "timestamp": "2026-08-07T09:32:00.264Z",
      "severity": "CRITICAL",
      "details": {
        "reason": "Unauthorized Payout Approval",
        "adminRole": "SUPPORT_ADMIN"
      }
    }
  ]
}

===============================================================
🏁 PRODUCTION INCIDENT MONITORING EVIDENCE GENERATED SUCCESSFULLY.
===============================================================
